Caso: T = 2.0000000000e+02 K, P = 1.0000000000e+05 Pa
  ln_phi = [-7.1960705241e-03, -2.0236805944e-02, -5.1642134866e-02]
  dlnphi/dT analitico = [9.8156095938e-05, 2.6050410398e-04, 6.5815820950e-04]
  dlnphi/dT autodiff = [9.8156095926e-05, 2.6050410409e-04, 6.5815820991e-04]
  dlnphi/dT numerico = [9.8156013701e-05, 2.6050405810e-04, 6.5815811045e-04]
  erro absoluto dlnphi/dT autodiff = [1.1596599332e-14, 1.1056585335e-13, 4.1260321982e-13]
  erro absoluto dlnphi/dT numerico = [8.2237284894e-11, 4.5879683678e-11, 9.9040480786e-11]
  dlnphi/dP analitico = [-7.2059292747e-08, -2.0324304773e-07, -5.1904797983e-07]
  dlnphi/dP autodiff = [-7.2059292737e-08, -2.0324304782e-07, -5.1904798018e-07]
  dlnphi/dP numerico = [-7.2059399099e-08, -2.0324310171e-07, -5.1904810127e-07]
  erro absoluto dlnphi/dP autodiff = [9.7281601643e-18, 9.2842937241e-17, 3.4585064626e-16]
  erro absoluto dlnphi/dP numerico = [1.0635202373e-13, 5.3984258777e-14, 1.2143813511e-13]
  dlnphi/dx analitico =
    [1.2499252670e-03, 2.1629566711e-03, 4.4172379292e-03]
    [-1.1924303865e-02, -2.0634636332e-02, -4.2140509955e-02]
    [-4.4451575985e-02, -7.6922063332e-02, -1.5709193984e-01]
  dlnphi/dx autodiff =
    [1.2499252808e-03, 2.1629566949e-03, 4.4172379779e-03]
    [-1.1924303852e-02, -2.0634636309e-02, -4.2140509908e-02]
    [-4.4451575973e-02, -7.6922063312e-02, -1.5709193980e-01]
  dlnphi/dx numerico =
    [1.2499230434e-03, 2.1628353969e-03, 4.4174184064e-03]
    [-1.1924310611e-02, -2.0635017046e-02, -4.2140656991e-02]
    [-4.4451570897e-02, -7.6922836097e-02, -1.5709320059e-01]
  erro absoluto dlnphi/dx autodiff =
    [2.5370570488e-10, 3.6081268615e-11, 4.8734520759e-11]
    [2.4463005927e-10, 3.4769097323e-11, 4.6974417411e-11]
    [2.2264120408e-10, 3.1587885085e-11, 4.2708225845e-11]
  erro absoluto dlnphi/dx numerico =
    [1.9837056615e-09, 1.2126193983e-07, 1.8047715874e-07]
    [6.5142099180e-09, 3.8070218489e-07, 1.4703618640e-07]
    [5.2983882351e-09, 7.7275417694e-07, 1.2607473041e-06]

Caso: T = 2.0000000000e+02 K, P = 1.0000000000e+06 Pa
  ln_phi = [-7.2887818257e-02, -2.1116802168e-01, -5.4297634392e-01]
  dlnphi/dT analitico = [1.0243007357e-03, 2.9053256153e-03, 7.4852656250e-03]
  dlnphi/dT autodiff = [1.0243007355e-03, 2.9053256171e-03, 7.4852656317e-03]
  dlnphi/dT numerico = [1.0243008658e-03, 2.9053257545e-03, 7.4852658808e-03]
  erro absoluto dlnphi/dT autodiff = [1.8860477416e-13, 1.8084357796e-12, 6.6788484465e-12]
  erro absoluto dlnphi/dT numerico = [1.3009456490e-10, 1.3922517132e-10, 2.5583046185e-10]
  dlnphi/dP analitico = [-7.3963030539e-08, -2.2213271285e-07, -5.7623484706e-07]
  dlnphi/dP autodiff = [-7.3963030524e-08, -2.2213271299e-07, -5.7623484759e-07]
  dlnphi/dP numerico = [-7.3963031638e-08, -2.2213272285e-07, -5.7623488456e-07]
  erro absoluto dlnphi/dP autodiff = [1.4927049871e-17, 1.4349955736e-16, 5.2747462719e-16]
  erro absoluto dlnphi/dP numerico = [1.0991615817e-15, 9.9980045855e-15, 3.7502111948e-14]
  dlnphi/dx analitico =
    [1.5443525321e-02, 2.6838994600e-02, 5.4708979003e-02]
    [-1.4791131174e-01, -2.5705283198e-01, -5.2397942487e-01]
    [-5.4743355624e-01, -9.5137165377e-01, -1.9392911397e+00]
  dlnphi/dx autodiff =
    [1.5443525497e-02, 2.6838994907e-02, 5.4708979628e-02]
    [-1.4791131164e-01, -2.5705283181e-01, -5.2397942452e-01]
    [-5.4743355633e-01, -9.5137165393e-01, -1.9392911400e+00]
  dlnphi/dx numerico =
    [1.5443516403e-02, 2.6838807264e-02, 5.4709794825e-02]
    [-1.4791131596e-01, -2.5705320155e-01, -5.2397971575e-01]
    [-5.4743357322e-01, -9.5137185688e-01, -1.9392908732e+00]
  erro absoluto dlnphi/dx autodiff =
    [3.2379932485e-09, 4.6475109178e-10, 6.2520948141e-10]
    [1.8081523778e-09, 2.5611263110e-10, 3.4653802050e-10]
    [1.6219727783e-09, 2.4453938874e-10, 3.2208169465e-10]
  erro absoluto dlnphi/dx numerico =
    [5.8566998213e-09, 1.8717768055e-07, 8.1582197387e-07]
    [2.5101695722e-09, 3.6948304449e-07, 2.9088075826e-07]
    [1.8518346412e-08, 2.0319679872e-07, 2.6648744034e-07]

Caso: T = 2.0000000000e+02 K, P = 1.0000000000e+07 Pa
  ln_phi = [-8.3666556926e-01, -3.1041235163e+00, -7.9770837171e+00]
  dlnphi/dT analitico = [1.6163587114e-02, 4.6750229669e-02, 1.0717678454e-01]
  dlnphi/dT autodiff = [1.6163587117e-02, 4.6750229640e-02, 1.0717678444e-01]
  dlnphi/dT numerico = [1.6163587198e-02, 4.6750229746e-02, 1.0717678428e-01]
  erro absoluto dlnphi/dT autodiff = [2.9391142298e-12, 2.8994376344e-11, 1.0157663599e-10]
  erro absoluto dlnphi/dT numerico = [8.3356502256e-11, 7.7530336318e-11, 2.6139063136e-10]
  dlnphi/dP analitico = [-6.5036539394e-08, -9.2023304811e-08, -1.2603191146e-07]
  dlnphi/dP autodiff = [-6.5036539409e-08, -9.2023304657e-08, -1.2603191097e-07]
  dlnphi/dP numerico = [-6.5036539733e-08, -9.2023302615e-08, -1.2603191435e-07]
  erro absoluto dlnphi/dP autodiff = [1.4873911789e-17, 1.5408333992e-16, 4.9134210748e-16]
  erro absoluto dlnphi/dP numerico = [3.3893294142e-16, 2.1966381104e-15, 2.8902994769e-15]
  dlnphi/dx analitico =
    [1.7275025149e-01, 3.5392393445e-01, 6.7368969781e-01]
    [-1.8640294653e+00, -3.8233507149e+00, -7.2743803497e+00]
    [-5.4766578609e+00, -1.1206774509e+01, -2.1342200729e+01]
  dlnphi/dx autodiff =
    [1.7275025244e-01, 3.5392393651e-01, 6.7368970164e-01]
    [-1.8640294566e+00, -3.8233506983e+00, -7.2743803172e+00]
    [-5.4766578362e+00, -1.1206774462e+01, -2.1342200637e+01]
  dlnphi/dx numerico =
    [1.7275022207e-01, 3.5392492343e-01, 6.7369313428e-01]
    [-1.8640294201e+00, -3.8233488104e+00, -7.2743792573e+00]
    [-5.4766579440e+00, -1.1206773796e+01, -2.1342196873e+01]
  erro absoluto dlnphi/dx autodiff =
    [1.5235191997e-08, 3.4194795884e-09, 3.8311243067e-09]
    [1.5223433891e-07, 2.5963148964e-08, 3.2506418890e-08]
    [4.3115031545e-07, 7.3252273580e-08, 9.1866581897e-08]
  erro absoluto dlnphi/dx numerico =
    [1.5132979148e-08, 9.9033479306e-07, 3.4364709681e-06]
    [1.8866411100e-07, 1.9138653244e-06, 1.0923301330e-06]
    [3.2330615518e-07, 7.3921005495e-07, 3.8556157556e-06]

Caso: T = 3.0000000000e+02 K, P = 1.0000000000e+05 Pa
  ln_phi = [-2.1552853789e-03, -6.7317888402e-03, -1.7473143859e-02]
  dlnphi/dT analitico = [2.3836235747e-05, 6.5017764491e-05, 1.6499303380e-04]
  dlnphi/dT autodiff = [2.3836235744e-05, 6.5017764519e-05, 1.6499303390e-04]
  dlnphi/dT numerico = [2.3836198816e-05, 6.5017763215e-05, 1.6499303010e-04]
  erro absoluto dlnphi/dT autodiff = [2.9363413556e-15, 2.8011555749e-14, 1.0445572358e-13]
  erro absoluto dlnphi/dT numerico = [3.6931306968e-11, 1.2757248193e-12, 3.7012587277e-12]
  dlnphi/dP analitico = [-2.1535049033e-08, -6.7333311614e-08, -1.7478844774e-07]
  dlnphi/dP autodiff = [-2.1535049029e-08, -6.7333311648e-08, -1.7478844786e-07]
  dlnphi/dP numerico = [-2.1535176202e-08, -6.7333369225e-08, -1.7478839960e-07]
  erro absoluto dlnphi/dP autodiff = [3.5179991452e-18, 3.3595828082e-17, 1.2500655172e-16]
  erro absoluto dlnphi/dP numerico = [1.2716910342e-13, 5.7610575145e-14, 4.8139861990e-14]
  dlnphi/dx analitico =
    [4.5630597937e-04, 7.9322645185e-04, 1.6235842984e-03]
    [-4.3564359543e-03, -7.5730769176e-03, -1.5500653919e-02]
    [-1.6217686749e-02, -2.8192262560e-02, -5.7704221692e-02]
  dlnphi/dx autodiff =
    [4.5630598438e-04, 7.9322646055e-04, 1.6235843162e-03]
    [-4.3564359494e-03, -7.5730769090e-03, -1.5500653901e-02]
    [-1.6217686744e-02, -2.8192262551e-02, -5.7704221675e-02]
  dlnphi/dx numerico =
    [4.5629847508e-04, 7.9298232375e-04, 1.6236266732e-03]
    [-4.3564345088e-03, -7.5733078283e-03, -1.5501080241e-02]
    [-1.6217680334e-02, -2.8192909224e-02, -5.7705707331e-02]
  erro absoluto dlnphi/dx autodiff =
    [9.1477356560e-11, 1.3128356041e-11, 1.7811988429e-11]
    [9.0458173070e-11, 1.2976784577e-11, 1.7609247394e-11]
    [8.8046375746e-11, 1.2617493855e-11, 1.7129374308e-11]
  erro absoluto dlnphi/dx numerico =
    [7.4178216470e-09, 2.4412367426e-07, 4.2374778354e-08]
    [1.5310334042e-09, 2.3090628075e-07, 4.2632255804e-07]
    [6.4976534778e-09, 6.4666033110e-07, 1.4856383109e-06]

Caso: T = 3.0000000000e+02 K, P = 1.0000000000e+06 Pa
  ln_phi = [-2.1388394007e-02, -6.7444059222e-02, -1.7520416305e-01]
  dlnphi/dT analitico = [2.3875664209e-04, 6.6310778380e-04, 1.6892504525e-03]
  dlnphi/dT autodiff = [2.3875664206e-04, 6.6310778412e-04, 1.6892504537e-03]
  dlnphi/dT numerico = [2.3875666472e-04, 6.6310777950e-04, 1.6892504630e-03]
  erro absoluto dlnphi/dT autodiff = [3.3210630426e-14, 3.1787387392e-13, 1.1778351731e-12]
  erro absoluto dlnphi/dT numerico = [2.2629592915e-11, 4.2994237727e-12, 1.0467816934e-11]
  dlnphi/dP analitico = [-2.1200912467e-08, -6.7569229125e-08, -1.7568138414e-07]
  dlnphi/dP autodiff = [-2.1200912463e-08, -6.7569229162e-08, -1.7568138427e-07]
  dlnphi/dP numerico = [-2.1200904856e-08, -6.7569219507e-08, -1.7568134330e-07]
  erro absoluto dlnphi/dP autodiff = [3.8356828225e-18, 3.6805672671e-17, 1.3575182640e-16]
  erro absoluto dlnphi/dP numerico = [7.6117743791e-15, 9.6182161877e-15, 4.0835044267e-14]
  dlnphi/dx analitico =
    [4.7605788428e-03, 8.2983263933e-03, 1.6966243827e-02]
    [-4.5560828407e-02, -7.9418726944e-02, -1.6237452223e-01]
    [-1.6885506863e-01, -2.9433667989e-01, -6.0178279452e-01]
  dlnphi/dx autodiff =
    [4.7605788954e-03, 8.2983264850e-03, 1.6966244014e-02]
    [-4.5560828361e-02, -7.9418726863e-02, -1.6237452207e-01]
    [-1.6885506860e-01, -2.9433667983e-01, -6.0178279440e-01]
  dlnphi/dx numerico =
    [4.7605741002e-03, 8.2983280179e-03, 1.6965823533e-02]
    [-4.5560843791e-02, -7.9418866059e-02, -1.6237451401e-01]
    [-1.6885509916e-01, -2.9433678732e-01, -6.0178241651e-01]
  erro absoluto dlnphi/dx autodiff =
    [9.5957598985e-10, 1.3852094298e-10, 1.8749371847e-10]
    [8.4982562654e-10, 1.2206850808e-10, 1.6555931626e-10]
    [5.9207119762e-10, 8.3369977588e-11, 1.1399603483e-10]
  erro absoluto dlnphi/dx numerico =
    [3.8355997736e-09, 1.6714792363e-09, 4.2029447683e-07]
    [1.4580083321e-08, 1.3907417463e-07, 8.2256643441e-09]
    [2.9973426491e-08, 1.0740691919e-07, 3.7801213326e-07]

Caso: T = 3.0000000000e+02 K, P = 1.0000000000e+07 Pa
  ln_phi = [-1.9246819739e-01, -6.5966224831e-01, -1.7118349558e+00]
  dlnphi/dT analitico = [2.3122197629e-03, 7.5689271451e-03, 1.9624936332e-02]
  dlnphi/dT autodiff = [2.3122197621e-03, 7.5689271526e-03, 1.9624936358e-02]
  dlnphi/dT numerico = [2.3122198073e-03, 7.5689271589e-03, 1.9624936481e-02]
  erro absoluto dlnphi/dT autodiff = [7.5875590533e-13, 7.5684770950e-12, 2.5964966288e-11]
  erro absoluto dlnphi/dT numerico = [4.4350331567e-11, 1.3834890698e-11, 1.4898163953e-10]
  dlnphi/dP analitico = [-1.6384102112e-08, -6.0159015036e-08, -1.5358241956e-07]
  dlnphi/dP autodiff = [-1.6384102107e-08, -6.0159015085e-08, -1.5358241972e-07]
  dlnphi/dP numerico = [-1.6384102777e-08, -6.0159014165e-08, -1.5358241946e-07]
  erro absoluto dlnphi/dP autodiff = [4.8777848106e-18, 4.9750294869e-17, 1.6354091276e-16]
  erro absoluto dlnphi/dP numerico = [6.6428995971e-16, 8.7032275341e-16, 1.0426271485e-16]
  dlnphi/dx analitico =
    [6.1859679464e-02, 1.1161708523e-01, 2.2506776520e-01]
    [-6.0938054282e-01, -1.0996678857e+00, -2.2172994040e+00]
    [-2.1405361040e+00, -3.8619056452e+00, -7.7875654387e+00]
  dlnphi/dx autodiff =
    [6.1859680183e-02, 1.1161708653e-01, 2.2506776782e-01]
    [-6.0938054282e-01, -1.0996678858e+00, -2.2172994041e+00]
    [-2.1405361055e+00, -3.8619056481e+00, -7.7875654444e+00]
  dlnphi/dx numerico =
    [6.1859669880e-02, 1.1161696783e-01, 2.2506803460e-01]
    [-6.0938054005e-01, -1.0996676761e+00, -2.2173002517e+00]
    [-2.1405361180e+00, -3.8619043978e+00, -7.7875651568e+00]
  erro absoluto dlnphi/dx autodiff =
    [1.2825660214e-08, 1.9987206612e-09, 2.6235957296e-09]
    [2.5712387774e-10, 1.2199108390e-10, 7.5987660608e-11]
    [2.5795863667e-08, 4.5487134059e-09, 5.6962887740e-09]
  erro absoluto dlnphi/dx numerico =
    [2.5219174110e-09, 1.1670553106e-07, 2.6939684994e-07]
    [3.0252266248e-09, 2.0950462964e-07, 8.4765375519e-07]
    [3.8235003608e-08, 1.2457990990e-06, 2.8184543055e-07]

Caso: T = 8.0000000000e+02 K, P = 1.0000000000e+05 Pa
  ln_phi = [2.0772342467e-04, 8.4786223694e-05, -6.1320798457e-06]
  dlnphi/dT analitico = [3.1410736477e-07, 1.3881472016e-06, 3.7666764087e-06]
  dlnphi/dT autodiff = [3.1410736468e-07, 1.3881472025e-06, 3.7666764120e-06]
  dlnphi/dT numerico = [3.1410008205e-07, 1.3881521340e-06, 3.7666744538e-06]
  erro absoluto dlnphi/dT autodiff = [9.1599360526e-17, 8.7635235745e-16, 3.2512355946e-15]
  erro absoluto dlnphi/dT numerico = [7.2827173906e-12, 4.9324561735e-12, 1.9549110658e-12]
  dlnphi/dP analitico = [2.0785979591e-09, 8.5220997708e-10, -4.8760069866e-11]
  dlnphi/dP autodiff = [2.0785979593e-09, 8.5220997487e-10, -4.8760078024e-11]
  dlnphi/dP numerico = [2.0786462937e-09, 8.5222693087e-10, -4.8711444833e-11]
  erro absoluto dlnphi/dP autodiff = [2.3044011095e-19, 2.2104780596e-18, 8.1580150246e-18]
  erro absoluto dlnphi/dP numerico = [4.8334669437e-14, 1.6953797760e-14, 4.8625032619e-14]
  dlnphi/dx analitico =
    [2.8939333720e-05, 5.1662972155e-05, 1.0704430146e-04]
    [-2.7757002772e-04, -4.9552255702e-04, -1.0267095316e-03]
    [-1.0245849069e-03, -1.8291057401e-03, -3.7898583487e-03]
  dlnphi/dx autodiff =
    [2.8939334031e-05, 5.1662972710e-05, 1.0704430261e-04]
    [-2.7757002741e-04, -4.9552255646e-04, -1.0267095305e-03]
    [-1.0245849066e-03, -1.8291057396e-03, -3.7898583475e-03]
  dlnphi/dx numerico =
    [2.8937737594e-05, 5.1780456457e-05, 1.0691735615e-04]
    [-2.7756954112e-04, -4.9557043176e-04, -1.0264518235e-03]
    [-1.0245851126e-03, -1.8292057893e-03, -3.7897571937e-03]
  erro absoluto dlnphi/dx autodiff =
    [5.4722271229e-12, 8.2827131655e-13, 1.1514496225e-12]
    [5.4759724316e-12, 8.2861267760e-13, 1.1520636875e-12]
    [5.4874689862e-12, 8.3001682784e-13, 1.1541327789e-12]
  erro absoluto dlnphi/dx numerico =
    [1.5909651540e-09, 1.1748457487e-07, 1.2694531057e-07]
    [4.9176011348e-10, 4.7874468349e-08, 2.5770814812e-07]
    [2.0049521765e-10, 1.0004887673e-07, 1.0115500498e-07]

Caso: T = 8.0000000000e+02 K, P = 1.0000000000e+06 Pa
  ln_phi = [2.0894352369e-03, 8.8675715100e-04, 5.0979870880e-05]
  dlnphi/dT analitico = [3.0794013287e-06, 1.3696570476e-05, 3.7135037091e-05]
  dlnphi/dT autodiff = [3.0794013278e-06, 1.3696570484e-05, 3.7135037123e-05]
  dlnphi/dT numerico = [3.0794068698e-06, 1.3696571623e-05, 3.7135037674e-05]
  erro absoluto dlnphi/dT autodiff = [9.0272790464e-16, 8.6447945428e-15, 3.2005241556e-14]
  erro absoluto dlnphi/dT numerico = [5.5411228440e-12, 1.1470114697e-12, 5.8267639032e-13]
  dlnphi/dP analitico = [2.1029117918e-09, 9.2971358603e-10, 1.7493217268e-10]
  dlnphi/dP autodiff = [2.1029117920e-09, 9.2971358388e-10, 1.7493216476e-10]
  dlnphi/dP numerico = [2.1029152413e-09, 9.2971535923e-10, 1.7492985353e-10]
  erro absoluto dlnphi/dP autodiff = [2.2389835307e-19, 2.1514434201e-18, 7.9147660218e-18]
  erro absoluto dlnphi/dP numerico = [3.4494470627e-15, 1.7732007755e-15, 2.3191487028e-15]
  dlnphi/dx analitico =
    [2.8502622828e-04, 5.0943363825e-04, 1.0552045575e-03]
    [-2.7361805269e-03, -4.8904365826e-03, -1.0129701489e-02]
    [-1.0083924257e-02, -1.8023216138e-02, -3.7332008068e-02]
  dlnphi/dx autodiff =
    [2.8502623134e-04, 5.0943364372e-04, 1.0552045688e-03]
    [-2.7361805238e-03, -4.8904365771e-03, -1.0129701477e-02]
    [-1.0083924254e-02, -1.8023216132e-02, -3.7332008056e-02]
  dlnphi/dx numerico =
    [2.8502941609e-04, 5.0951896199e-04, 1.0548640106e-03]
    [-2.7361825534e-03, -4.8903593624e-03, -1.0129653558e-02]
    [-1.0083932204e-02, -1.8023141724e-02, -3.7332066610e-02]
  erro absoluto dlnphi/dx autodiff =
    [5.3759630645e-11, 8.1570473032e-12, 1.1333675101e-11]
    [5.4136446628e-11, 8.1985217226e-12, 1.1397082930e-11]
    [5.5276399777e-11, 8.3333860645e-12, 1.1598354221e-11]
  erro absoluto dlnphi/dx numerico =
    [3.2385133029e-09, 8.5326419629e-08, 3.4054692943e-07]
    [1.9753963530e-09, 7.7222840015e-08, 4.7930344520e-08]
    [7.8951902117e-09, 7.4416843791e-08, 5.8542712629e-08]

Caso: T = 8.0000000000e+02 K, P = 1.0000000000e+07 Pa
  ln_phi = [2.2038724791e-02, 1.2507243324e-02, 1.0949735408e-02]
  dlnphi/dT analitico = [2.5020088178e-05, 1.1951946533e-04, 3.2149659867e-04]
  dlnphi/dT autodiff = [2.5020088170e-05, 1.1951946541e-04, 3.2149659895e-04]
  dlnphi/dT numerico = [2.5020088360e-05, 1.1951946290e-04, 3.2149659295e-04]
  erro absoluto dlnphi/dT autodiff = [7.7212236984e-15, 7.4759764893e-14, 2.7119441675e-13]
  erro absoluto dlnphi/dT numerico = [1.8233600190e-13, 2.4385626710e-12, 5.7232097750e-12]
  dlnphi/dP analitico = [2.3237653188e-09, 1.6308231277e-09, 2.1784527102e-09]
  dlnphi/dP autodiff = [2.3237653190e-09, 1.6308231261e-09, 2.1784527044e-09]
  dlnphi/dP numerico = [2.3237652960e-09, 1.6308227205e-09, 2.1784526762e-09]
  erro absoluto dlnphi/dP autodiff = [1.6592539984e-19, 1.6230069440e-18, 5.7771452034e-18]
  erro absoluto dlnphi/dP numerico = [2.2775651370e-17, 4.0724583243e-16, 3.4052144335e-17]
  dlnphi/dx analitico =
    [2.4488535479e-03, 4.4276248972e-03, 9.1433405489e-03]
    [-2.3703794037e-02, -4.2858259448e-02, -8.8504701081e-02]
    [-8.6034441538e-02, -1.5555106423e-01, -3.2122474142e-01]
  dlnphi/dx autodiff =
    [2.4488535738e-03, 4.4276249440e-03, 9.1433406455e-03]
    [-2.3703794009e-02, -4.2858259399e-02, -8.8504700978e-02]
    [-8.6034441504e-02, -1.5555106417e-01, -3.2122474130e-01]
  dlnphi/dx numerico =
    [2.4488517585e-03, 4.4275654668e-03, 9.1430759437e-03]
    [-2.3703791949e-02, -4.2858295520e-02, -8.8504511083e-02]
    [-8.6034439604e-02, -1.5555115145e-01, -3.2122435503e-01]
  erro absoluto dlnphi/dx autodiff =
    [4.5013160083e-10, 7.0001861079e-11, 9.6634086150e-11]
    [4.8655536197e-10, 7.4297526464e-11, 1.0305853393e-10]
    [5.9135454866e-10, 8.7351625933e-11, 1.2225087609e-10]
  erro absoluto dlnphi/dx numerico =
    [1.3651566752e-09, 5.9407138799e-08, 2.6460513746e-07]
    [2.5461246687e-09, 3.6046712983e-08, 1.8999775585e-07]
    [2.4922938435e-09, 8.7186240338e-08, 3.8639701938e-07]

